[0.944s] Invoking command in '/ros2_ws/src/wetexplorer/wetexplorer_vision_predator': PS1=(env) \[\e]0;\u@\h: \w\a\]${debian_chroot:+($debian_chroot)}\u@\h:\w\$ PYTHONPATH=/ros2_ws/src/wetexplorer/wetexplorer_vision_predator/build/wetexplorer_vision_predator/prefix_override:/usr/lib/python3/dist-packages/colcon_core/task/python/colcon_distutils_commands:/ros2_ws/src/wetexplorer/wetexplorer_vision_predator/install/wetexplorer_vision_predator/lib/python3.10/site-packages:${PYTHONPATH} /usr/bin/python3 -W ignore:setup.py install is deprecated setup.py egg_info --egg-base build/wetexplorer_vision_predator build --build-base /ros2_ws/src/wetexplorer/wetexplorer_vision_predator/build/wetexplorer_vision_predator/build install --record /ros2_ws/src/wetexplorer/wetexplorer_vision_predator/build/wetexplorer_vision_predator/install.log --single-version-externally-managed install_data
[1.106s] /usr/local/lib/python3.10/dist-packages/setuptools/_distutils/dist.py:261: UserWarning: Unknown distribution option: 'tests_require'
[1.106s]   warnings.warn(msg)
[1.217s] running egg_info
[1.235s] creating build/wetexplorer_vision_predator/wetexplorer_vision_predator.egg-info
[1.235s] writing build/wetexplorer_vision_predator/wetexplorer_vision_predator.egg-info/PKG-INFO
[1.236s] writing dependency_links to build/wetexplorer_vision_predator/wetexplorer_vision_predator.egg-info/dependency_links.txt
[1.236s] writing requirements to build/wetexplorer_vision_predator/wetexplorer_vision_predator.egg-info/requires.txt
[1.236s] writing top-level names to build/wetexplorer_vision_predator/wetexplorer_vision_predator.egg-info/top_level.txt
[1.236s] writing manifest file 'build/wetexplorer_vision_predator/wetexplorer_vision_predator.egg-info/SOURCES.txt'
[1.275s] reading manifest file 'build/wetexplorer_vision_predator/wetexplorer_vision_predator.egg-info/SOURCES.txt'
[1.277s] writing manifest file 'build/wetexplorer_vision_predator/wetexplorer_vision_predator.egg-info/SOURCES.txt'
[1.277s] running build
[1.277s] running build_py
[1.277s] creating /ros2_ws/src/wetexplorer/wetexplorer_vision_predator/build/wetexplorer_vision_predator/build/lib/wetexplorer_vision_predator
[1.277s] copying wetexplorer_vision_predator/__init__.py -> /ros2_ws/src/wetexplorer/wetexplorer_vision_predator/build/wetexplorer_vision_predator/build/lib/wetexplorer_vision_predator
[1.278s] running install
[1.282s] running install_lib
[1.300s] creating /ros2_ws/src/wetexplorer/wetexplorer_vision_predator/install/wetexplorer_vision_predator/lib/python3.10/site-packages/wetexplorer_vision_predator
[1.300s] copying /ros2_ws/src/wetexplorer/wetexplorer_vision_predator/build/wetexplorer_vision_predator/build/lib/wetexplorer_vision_predator/__init__.py -> /ros2_ws/src/wetexplorer/wetexplorer_vision_predator/install/wetexplorer_vision_predator/lib/python3.10/site-packages/wetexplorer_vision_predator
[1.300s] byte-compiling /ros2_ws/src/wetexplorer/wetexplorer_vision_predator/install/wetexplorer_vision_predator/lib/python3.10/site-packages/wetexplorer_vision_predator/__init__.py to __init__.cpython-310.pyc
[1.301s] running install_data
[1.301s] creating /ros2_ws/src/wetexplorer/wetexplorer_vision_predator/install/wetexplorer_vision_predator/share/ament_index/resource_index/packages
[1.301s] copying resource/wetexplorer_vision_predator -> /ros2_ws/src/wetexplorer/wetexplorer_vision_predator/install/wetexplorer_vision_predator/share/ament_index/resource_index/packages
[1.301s] copying package.xml -> /ros2_ws/src/wetexplorer/wetexplorer_vision_predator/install/wetexplorer_vision_predator/share/wetexplorer_vision_predator
[1.301s] running install_egg_info
[1.322s] Copying build/wetexplorer_vision_predator/wetexplorer_vision_predator.egg-info to /ros2_ws/src/wetexplorer/wetexplorer_vision_predator/install/wetexplorer_vision_predator/lib/python3.10/site-packages/wetexplorer_vision_predator-0.0.0-py3.10.egg-info
[1.323s] running install_scripts
[1.481s] writing list of installed files to '/ros2_ws/src/wetexplorer/wetexplorer_vision_predator/build/wetexplorer_vision_predator/install.log'
[1.502s] Invoked command in '/ros2_ws/src/wetexplorer/wetexplorer_vision_predator' returned '0': PS1=(env) \[\e]0;\u@\h: \w\a\]${debian_chroot:+($debian_chroot)}\u@\h:\w\$ PYTHONPATH=/ros2_ws/src/wetexplorer/wetexplorer_vision_predator/build/wetexplorer_vision_predator/prefix_override:/usr/lib/python3/dist-packages/colcon_core/task/python/colcon_distutils_commands:/ros2_ws/src/wetexplorer/wetexplorer_vision_predator/install/wetexplorer_vision_predator/lib/python3.10/site-packages:${PYTHONPATH} /usr/bin/python3 -W ignore:setup.py install is deprecated setup.py egg_info --egg-base build/wetexplorer_vision_predator build --build-base /ros2_ws/src/wetexplorer/wetexplorer_vision_predator/build/wetexplorer_vision_predator/build install --record /ros2_ws/src/wetexplorer/wetexplorer_vision_predator/build/wetexplorer_vision_predator/install.log --single-version-externally-managed install_data
